// Jest Snapshot v1, https://goo.gl/fbAQLP

exports[`<NavLink/> should match snapshot 1`] = ` `;
