// Jest Snapshot v1, https://goo.gl/fbAQLP

exports[`<Footer/> should render 1`] = `
.c0 {
  max-width: 120rem;
  margin: 0 auto;
  padding: 3.2rem;
}

.c3 {
  font-size: 1.6rem;
  text-align: left;
}

.c1 {
  text-align: center;
}

.c1 .c2 {
  text-align: center;
}

.c1 a {
  color: inherit;
  -webkit-text-decoration: none;
  text-decoration: none;
  font-size: 1.4rem;
}

<div>
   
  <div
    class="c0"
  >
    <footer
      class="c1"
    >
      <p
        class="c2 c3"
      >
        <h1>
          Hello world
        </h1>
      </p>
    </footer>
  </div>
   
</div>
`;
