// Jest Snapshot v1, https://goo.gl/fbAQLP

exports[`<GridTwoColumn /> should render two column grid 1`] = `
.c5 {
  color: #0A1128;
  font-size: 4.0rem;
  text-transform: uppercase;
  font-family: 'Montserrat',sans-serif;
  font-style: italic;
}

.c1 {
  max-width: 120rem;
  margin: 0 auto;
  padding: 3.2rem;
}

.c0 {
  background: #FFFFFF;
  color: #0A1128;
  min-height: 100vh;
  display: -webkit-box;
  display: -webkit-flex;
  display: -ms-flexbox;
  display: flex;
  -webkit-align-items: center;
  -webkit-box-align: center;
  -ms-flex-align: center;
  align-items: center;
}

.c6 {
  font-size: 2.4rem;
}

.c2 {
  display: grid;
  grid-template-columns: 1fr 2fr;
  -webkit-align-items: center;
  -webkit-box-align: center;
  -ms-flex-align: center;
  align-items: center;
  gap: 3.2rem;
}

.c2 .c4 {
  margin-bottom: 4.0rem;
}

.c3 {
  min-width: 280px;
}

.c7 {
  text-align: center;
}

.c8 {
  max-width: 500px;
  width: 100%;
}

@media (max-width:768px) {
  .c2 {
    grid-template-columns: 1fr;
    text-align: center;
  }
}

@media (max-width:768px) {
  .c3 {
    margin-bottom: 3.2rem;
  }
}

<div>
   
  <div
    class="c0"
  >
    <div
      class="c1"
    >
      <div
        class="c2"
      >
        <div
          class="c3"
        >
          <h1
            class="c4 c5"
          >
            Title
          </h1>
          <p
            class="c6"
          >
            Lorem ipsum, dolor sit amet consectetur adipisicing elit. Consequuntur ad consequatur numquam possimus quaerat reprehenderit dolore, doloribus corrupti delectus accusamus maxime id maiores iste eveniet praesentium, dolor nisi, sapiente nemo.
          </p>
        </div>
        <div
          class="c7"
        >
          <img
            alt="Title"
            class="c8"
            src="https://cdn-icons-png.flaticon.com/512/87/87390.png"
          />
        </div>
      </div>
    </div>
  </div>
   
</div>
`;
