// Jest Snapshot v1, https://goo.gl/fbAQLP

exports[`<SectionBackground /> should render with background dark 1`] = `
.c1 {
  max-width: 120rem;
  margin: 0 auto;
  padding: 3.2rem;
}

.c0 {
  background: #FFFFFF;
  color: #0A1128;
  background: #0A1128;
  color: #FFFFFF;
  min-height: 100vh;
  display: flex;
  align-items: center;
}

<div>
   
  <div
    background="true"
    class="c0"
  >
    <div
      class="c1"
    >
      <h1>
        Children
      </h1>
    </div>
  </div>
   
</div>
`;

exports[`<SectionBackground /> should render with background light 1`] = `
.c1 {
  max-width: 120rem;
  margin: 0 auto;
  padding: 3.2rem;
}

.c0 {
  background: #FFFFFF;
  color: #0A1128;
  background: #0A1128;
  color: #FFFFFF;
  min-height: 100vh;
  display: flex;
  align-items: center;
}

<div>
   
  <div
    background="true"
    class="c0"
  >
    <div
      class="c1"
    >
      <h1>
        Children
      </h1>
    </div>
  </div>
   
</div>
`;
