// Jest Snapshot v1, https://goo.gl/fbAQLP

exports[`<TextContent/> should match snapshot 1`] = ` `;
